[    0.000000] Initializing cgroup subsys cpuset
[    0.000000] Initializing cgroup subsys cpu
[    0.000000] Initializing cgroup subsys cpuacct
[    0.000000] Linux version 4.4.0-210-generic (buildd@lgw01-amd64-009) (gcc version 5.4.0 20160609 (Ubuntu 5.4.0-6ubuntu1~16.04.12) ) #242-Ubuntu SMP Fri Apr 16 09:57:56 UTC 2021 (Ubuntu 4.4.0-210.242-generic 4.4.262)
[    0.000000] Command line: BOOT_IMAGE=/boot/vmlinuz-4.4.0-210-generic root=LABEL=cloudimg-rootfs ro console=tty1 console=ttyS0
[    0.000000] KERNEL supported cpus:
[    0.000000]   Intel GenuineIntel
[    0.000000]   AMD AuthenticAMD
[    0.000000]   Centaur CentaurHauls
[    0.000000] [Firmware Bug]: TSC doesn't count with P0 frequency!
[    0.000000] x86/fpu: xstate_offset[2]:  576, xstate_sizes[2]:  256
[    0.000000] x86/fpu: Supporting XSAVE feature 0x01: 'x87 floating point registers'
[    0.000000] x86/fpu: Supporting XSAVE feature 0x02: 'SSE registers'
[    0.000000] x86/fpu: Supporting XSAVE feature 0x04: 'AVX registers'
[    0.000000] x86/fpu: Enabled xstate features 0x7, context size is 832 bytes, using 'standard' format.
[    0.000000] e820: BIOS-provided physical RAM map:
[    0.000000] BIOS-e820: [mem 0x0000000000000000-0x000000000009fbff] usable
[    0.000000] BIOS-e820: [mem 0x000000000009fc00-0x000000000009ffff] reserved
[    0.000000] BIOS-e820: [mem 0x00000000000f0000-0x00000000000fffff] reserved
[    0.000000] BIOS-e820: [mem 0x0000000000100000-0x00000000dffeffff] usable
[    0.000000] BIOS-e820: [mem 0x00000000dfff0000-0x00000000dfffffff] ACPI data
[    0.000000] BIOS-e820: [mem 0x00000000fec00000-0x00000000fec00fff] reserved
[    0.000000] BIOS-e820: [mem 0x00000000fee00000-0x00000000fee00fff] reserved
[    0.000000] BIOS-e820: [mem 0x00000000fffc0000-0x00000000ffffffff] reserved
[    0.000000] BIOS-e820: [mem 0x0000000100000000-0x000000021fffffff] usable
[    0.000000] NX (Execute Disable) protection: active
[    0.000000] SMBIOS 2.5 present.
[    0.000000] Hypervisor detected: KVM
[    0.000000] Kernel/User page tables isolation: disabled
[    0.000000] e820: last_pfn = 0x220000 max_arch_pfn = 0x400000000
[    0.000000] x86/PAT: Configuration [0-7]: WB  WC  UC- UC  WB  WC  UC- WT  
[    0.000000] CPU MTRRs all blank - virtualized system.
[    0.000000] e820: last_pfn = 0xdfff0 max_arch_pfn = 0x400000000
[    0.000000] found SMP MP-table at [mem 0x0009fbf0-0x0009fbff] mapped at [ffff88000009fbf0]
[    0.000000] Scanning 1 areas for low memory corruption
[    0.000000] RAMDISK: [mem 0x362dc000-0x37165fff]
[    0.000000] ACPI: Early table checksum verification disabled
[    0.000000] ACPI: RSDP 0x00000000000E0000 000024 (v02 VBOX  )
[    0.000000] ACPI: XSDT 0x00000000DFFF0030 00003C (v01 VBOX   VBOXXSDT 00000001 ASL  00000061)
[    0.000000] ACPI: FACP 0x00000000DFFF00F0 0000F4 (v04 VBOX   VBOXFACP 00000001 ASL  00000061)
[    0.000000] ACPI: DSDT 0x00000000DFFF0310 002353 (v02 VBOX   VBOXBIOS 00000002 VBOX 0002AC32)
[    0.000000] ACPI: FACS 0x00000000DFFF0200 000040
[    0.000000] ACPI: FACS 0x00000000DFFF0200 000040
[    0.000000] ACPI: APIC 0x00000000DFFF0240 00006C (v02 VBOX   VBOXAPIC 00000001 ASL  00000061)
[    0.000000] ACPI: SSDT 0x00000000DFFF02B0 00005F (v01 VBOX   VBOXCPUT 00000002 VBOX 0002AC32)
[    0.000000] No NUMA configuration found
[    0.000000] Faking a node at [mem 0x0000000000000000-0x000000021fffffff]
[    0.000000] NODE_DATA(0) allocated [mem 0x21fff5000-0x21fff9fff]
[    0.000000] kvm-clock: Using msrs 4b564d01 and 4b564d00
[    0.000000] kvm-clock: cpu 0, msr 2:1ffed001, primary cpu clock
[    0.000000] kvm-clock: using sched offset of 3294759618 cycles
[    0.000000] clocksource: kvm-clock: mask: 0xffffffffffffffff max_cycles: 0x1cd42e4dffb, max_idle_ns: 881590591483 ns
[    0.000000] Zone ranges:
[    0.000000]   DMA      [mem 0x0000000000001000-0x0000000000ffffff]
[    0.000000]   DMA32    [mem 0x0000000001000000-0x00000000ffffffff]
[    0.000000]   Normal   [mem 0x0000000100000000-0x000000021fffffff]
[    0.000000]   Device   empty
[    0.000000] Movable zone start for each node
[    0.000000] Early memory node ranges
[    0.000000]   node   0: [mem 0x0000000000001000-0x000000000009efff]
[    0.000000]   node   0: [mem 0x0000000000100000-0x00000000dffeffff]
[    0.000000]   node   0: [mem 0x0000000100000000-0x000000021fffffff]
[    0.000000] Initmem setup node 0 [mem 0x0000000000001000-0x000000021fffffff]
[    0.000000] ACPI: PM-Timer IO Port: 0x4008
[    0.000000] IOAPIC[0]: apic_id 4, version 32, address 0xfec00000, GSI 0-23
[    0.000000] ACPI: INT_SRC_OVR (bus 0 bus_irq 0 global_irq 2 dfl dfl)
[    0.000000] ACPI: INT_SRC_OVR (bus 0 bus_irq 9 global_irq 9 low level)
[    0.000000] Using ACPI (MADT) for SMP configuration information
[    0.000000] smpboot: Allowing 4 CPUs, 0 hotplug CPUs
[    0.000000] PM: Registered nosave memory: [mem 0x00000000-0x00000fff]
[    0.000000] PM: Registered nosave memory: [mem 0x0009f000-0x0009ffff]
[    0.000000] PM: Registered nosave memory: [mem 0x000a0000-0x000effff]
[    0.000000] PM: Registered nosave memory: [mem 0x000f0000-0x000fffff]
[    0.000000] PM: Registered nosave memory: [mem 0xdfff0000-0xdfffffff]
[    0.000000] PM: Registered nosave memory: [mem 0xe0000000-0xfebfffff]
[    0.000000] PM: Registered nosave memory: [mem 0xfec00000-0xfec00fff]
[    0.000000] PM: Registered nosave memory: [mem 0xfec01000-0xfedfffff]
[    0.000000] PM: Registered nosave memory: [mem 0xfee00000-0xfee00fff]
[    0.000000] PM: Registered nosave memory: [mem 0xfee01000-0xfffbffff]
[    0.000000] PM: Registered nosave memory: [mem 0xfffc0000-0xffffffff]
[    0.000000] e820: [mem 0xe0000000-0xfebfffff] available for PCI devices
[    0.000000] Booting paravirtualized kernel on KVM
[    0.000000] clocksource: refined-jiffies: mask: 0xffffffff max_cycles: 0xffffffff, max_idle_ns: 7645519600211568 ns
[    0.000000] setup_percpu: NR_CPUS:512 nr_cpumask_bits:512 nr_cpu_ids:4 nr_node_ids:1
[    0.000000] PERCPU: Embedded 33 pages/cpu @ffff88021fc00000 s95192 r8192 d31784 u524288
[    0.000000] Built 1 zonelists in Node order, mobility grouping on.  Total pages: 2064248
[    0.000000] Policy zone: Normal
[    0.000000] Kernel command line: BOOT_IMAGE=/boot/vmlinuz-4.4.0-210-generic root=LABEL=cloudimg-rootfs ro console=tty1 console=ttyS0
[    0.000000] PID hash table entries: 4096 (order: 3, 32768 bytes)
[    0.000000] Memory: 8156800K/8388152K available (8644K kernel code, 1332K rwdata, 4044K rodata, 1492K init, 1164K bss, 231352K reserved, 0K cma-reserved)
[    0.000000] SLUB: HWalign=64, Order=0-3, MinObjects=0, CPUs=4, Nodes=1
[    0.000000] Hierarchical RCU implementation.
[    0.000000] 	Build-time adjustment of leaf fanout to 64.
[    0.000000] 	RCU restricting CPUs from NR_CPUS=512 to nr_cpu_ids=4.
[    0.000000] RCU: Adjusting geometry for rcu_fanout_leaf=64, nr_cpu_ids=4
[    0.000000] NR_IRQS:33024 nr_irqs:456 16
[    0.000000] Console: colour VGA+ 80x25
[    0.000000] console [tty1] enabled
[    0.000000] console [ttyS0] enabled
[    0.000000] tsc: Detected 3800.046 MHz processor
[    1.220238] Calibrating delay loop (skipped) preset value.. 7600.09 BogoMIPS (lpj=15200184)
[    1.226301] pid_max: default: 32768 minimum: 301
[    1.229638] ACPI: Core revision 20150930
[    1.233881] ACPI: 2 ACPI AML tables successfully acquired and loaded
[    1.238866] Security Framework initialized
[    1.242039] Yama: becoming mindful.
[    1.244741] AppArmor: AppArmor initialized
[    1.248156] Dentry cache hash table entries: 1048576 (order: 11, 8388608 bytes)
[    1.287109] Inode-cache hash table entries: 524288 (order: 10, 4194304 bytes)
[    1.308633] Mount-cache hash table entries: 16384 (order: 5, 131072 bytes)
[    1.313671] Mountpoint-cache hash table entries: 16384 (order: 5, 131072 bytes)
[    1.321072] Initializing cgroup subsys io
[    1.324238] Initializing cgroup subsys memory
[    1.327410] Initializing cgroup subsys devices
[    1.330532] Initializing cgroup subsys freezer
[    1.334172] Initializing cgroup subsys net_cls
[    1.337524] Initializing cgroup subsys perf_event
[    1.340946] Initializing cgroup subsys net_prio
[    1.344553] Initializing cgroup subsys hugetlb
[    1.347774] Initializing cgroup subsys pids
[    1.351773] mce: CPU supports 0 MCE banks
[    1.354749] Last level iTLB entries: 4KB 512, 2MB 512, 4MB 256
[    1.359098] Last level dTLB entries: 4KB 2048, 2MB 2048, 4MB 1024, 1GB 0
[    1.364138] Spectre V1 : Mitigation: usercopy/swapgs barriers and __user pointer sanitization
[    1.371366] Spectre V2 : Spectre mitigation: LFENCE not serializing, switching to generic retpoline
[    1.378346] Spectre V2 : Mitigation: Full generic retpoline
[    1.382302] Spectre V2 : Spectre v2 / SpectreRSB mitigation: Filling RSB on context switch
[    1.430354] Freeing SMP alternatives memory: 36K
[    1.531683] ftrace: allocating 32380 entries in 127 pages
[    2.193616] smpboot: APIC(0) Converting physical 0 to logical package 0
[    2.198646] smpboot: Max logical packages: 1
[    2.212391] ..TIMER: vector=0x30 apic1=0 pin1=2 apic2=-1 pin2=-1
[    2.325233] smpboot: CPU0: AMD Ryzen 7 5800X 8-Core Processor (family: 0x19, model: 0x21, stepping: 0x2)
[    2.332658] Performance Events: Broken PMU hardware detected, using software events only.
[    2.338953] Failed to access perfctr msr (MSR c0010007 is 0)
[    2.439996] KVM setup paravirtual spinlock
[    2.445573] x86: Booting SMP configuration:
[    2.448772] .... node  #0, CPUs:      #1
[    2.452877] kvm-clock: cpu 1, msr 2:1ffed041, secondary cpu clock
[    2.457264] mce: CPU supports 0 MCE banks
[    2.461782]  #2
[    2.463890] kvm-clock: cpu 2, msr 2:1ffed081, secondary cpu clock
[    2.468108] mce: CPU supports 0 MCE banks
[    2.472794]  #3
[    2.474803] kvm-clock: cpu 3, msr 2:1ffed0c1, secondary cpu clock
[    2.479238] mce: CPU supports 0 MCE banks
[    2.483124] x86: Booted up 1 node, 4 CPUs
[    2.486043] smpboot: Total of 4 processors activated (30400.36 BogoMIPS)
[    2.494713] devtmpfs: initialized
[    2.499456] evm: security.selinux
[    2.501820] evm: security.SMACK64
[    2.504266] evm: security.SMACK64EXEC
[    2.506842] evm: security.SMACK64TRANSMUTE
[    2.509842] evm: security.SMACK64MMAP
[    2.512445] evm: security.ima
[    2.514585] evm: security.capability
[    2.517920] clocksource: jiffies: mask: 0xffffffff max_cycles: 0xffffffff, max_idle_ns: 7645041785100000 ns
[    2.524637] futex hash table entries: 1024 (order: 4, 65536 bytes)
[    2.529646] pinctrl core: initialized pinctrl subsystem
[    2.533607] RTC time: 17:32:22, date: 10/03/26
[    2.537566] NET: Registered protocol family 16
[    2.553624] cpuidle: using governor ladder
[    2.570325] cpuidle: using governor menu
[    2.573094] PCCT header not found.
[    2.578315] ACPI: bus type PCI registered
[    2.581270] acpiphp: ACPI Hot Plug PCI Controller Driver version: 0.5
[    2.586183] PCI: Using configuration type 1 for base access
[    2.590116] PCI: Using configuration type 1 for extended access
[    2.615838] ACPI: Added _OSI(Module Device)
[    2.621344] ACPI: Added _OSI(Processor Device)
[    2.626891] ACPI: Added _OSI(3.0 _SCP Extensions)
[    2.632724] ACPI: Added _OSI(Processor Aggregator Device)
[    2.638400] ACPI: Executed 1 blocks of module-level executable AML code
[    2.648686] ACPI: Interpreter enabled
[    2.651799] ACPI: (supports S0 S5)
[    2.654737] ACPI: Using IOAPIC for interrupt routing
[    2.659075] PCI: Using host bridge windows from ACPI; if necessary, use "pci=nocrs" and report a bug
[    2.672743] ACPI: PCI Root Bridge [PCI0] (domain 0000 [bus 00-ff])
[    2.677531] acpi PNP0A03:00: _OSC: OS supports [ExtendedConfig ASPM ClockPM Segments MSI]
[    2.685351] acpi PNP0A03:00: _OSC: platform does not support [PCIeCapability]
[    2.692753] acpi PNP0A03:00: _OSC: not requesting control; platform does not support [PCIeCapability]
[    2.701355] acpi PNP0A03:00: _OSC: OS requested [PCIeHotplug PME AER PCIeCapability]
[    2.727791] acpi PNP0A03:00: _OSC: platform willing to grant [PCIeHotplug PME AER]
[    2.735822] acpi PNP0A03:00: _OSC failed (AE_SUPPORT); disabling ASPM
[    2.743035] PCI host bridge to bus 0000:00
[    2.746748] pci_bus 0000:00: root bus resource [io  0x0000-0x0cf7 window]
[    2.753519] pci_bus 0000:00: root bus resource [io  0x0d00-0xffff window]
[    2.759696] pci_bus 0000:00: root bus resource [mem 0x000a0000-0x000bffff window]
[    2.767357] pci_bus 0000:00: root bus resource [mem 0xe0000000-0xfdffffff window]
[    2.773911] pci_bus 0000:00: root bus resource [bus 00-ff]
[    2.785486] pci 0000:00:01.1: legacy IDE quirk: reg 0x10: [io  0x01f0-0x01f7]
[    2.792717] pci 0000:00:01.1: legacy IDE quirk: reg 0x14: [io  0x03f6]
[    2.798049] pci 0000:00:01.1: legacy IDE quirk: reg 0x18: [io  0x0170-0x0177]
[    2.803752] pci 0000:00:01.1: legacy IDE quirk: reg 0x1c: [io  0x0376]
[    2.829396] pci 0000:00:07.0: quirk: [io  0x4000-0x403f] claimed by PIIX4 ACPI
[    2.836478] pci 0000:00:07.0: quirk: [io  0x4100-0x410f] claimed by PIIX4 SMB
[    2.850014] ACPI: PCI Interrupt Link [LNKA] (IRQs 5 9 10 *11)
[    2.860954] ACPI: PCI Interrupt Link [LNKB] (IRQs 5 9 *10 11)
[    2.869590] ACPI: PCI Interrupt Link [LNKC] (IRQs 5 *9 10 11)
[    2.877511] ACPI: PCI Interrupt Link [LNKD] (IRQs 5 9 10 *11)
[    2.885869] ACPI: Enabled 2 GPEs in block 00 to 07
[    2.891403] vgaarb: setting as boot device: PCI:0000:00:02.0
[    2.895827] vgaarb: device added: PCI:0000:00:02.0,decodes=io+mem,owns=io+mem,locks=none
[    2.901926] vgaarb: loaded
[    2.904627] vgaarb: bridge control possible 0000:00:02.0
[    2.909296] SCSI subsystem initialized
[    2.913018] ACPI: bus type USB registered
[    2.916386] usbcore: registered new interface driver usbfs
[    2.920847] usbcore: registered new interface driver hub
[    2.925382] usbcore: registered new device driver usb
[    2.931117] PCI: Using ACPI for IRQ routing
[    2.935208] NetLabel: Initializing
[    2.938087] NetLabel:  domain hash size = 128
[    2.941656] NetLabel:  protocols = UNLABELED CIPSOv4
[    2.945888] NetLabel:  unlabeled traffic allowed by default
[    2.950619] amd_nb: Cannot enumerate AMD northbridges
[    2.955003] clocksource: Switched to clocksource kvm-clock
[    2.987572] AppArmor: AppArmor Filesystem Enabled
[    2.991505] pnp: PnP ACPI init
[    2.996409] pnp: PnP ACPI: found 3 devices
[    3.032920] clocksource: acpi_pm: mask: 0xffffff max_cycles: 0xffffff, max_idle_ns: 2085701024 ns
[    3.039388] NET: Registered protocol family 2
[    3.043395] TCP established hash table entries: 65536 (order: 7, 524288 bytes)
[    3.050815] TCP bind hash table entries: 65536 (order: 8, 1048576 bytes)
[    3.059993] TCP: Hash tables configured (established 65536 bind 65536)
[    3.065492] UDP hash table entries: 4096 (order: 5, 131072 bytes)
[    3.070550] UDP-Lite hash table entries: 4096 (order: 5, 131072 bytes)
[    3.076155] NET: Registered protocol family 1
[    3.079575] pci 0000:00:00.0: Limiting direct PCI/PCI transfers
[    3.084019] pci 0000:00:01.0: Activating ISA DMA hang workarounds
[    3.088886] Unpacking initramfs...
[    3.380042] Freeing initrd memory: 14888K
[    3.384465] PCI-DMA: Using software bounce buffering for IO (SWIOTLB)
[    3.391182] software IO TLB: mapped [mem 0xdbff0000-0xdfff0000] (64MB)
[    3.396758] clocksource: tsc: mask: 0xffffffffffffffff max_cycles: 0x6d8d05da53d, max_idle_ns: 881590582123 ns
[    3.404352] platform rtc_cmos: registered platform RTC device (no PNP device found)
[    3.410102] Scanning for low memory corruption every 60 seconds
[    3.416164] audit: initializing netlink subsys (disabled)
[    3.420304] audit: type=2000 audit(1791048747.987:1): initialized
[    3.425375] Initialise system trusted keyring
[    3.430020] HugeTLB registered 2 MB page size, pre-allocated 0 pages
[    3.436771] zbud: loaded
[    3.440104] VFS: Disk quotas dquot_6.6.0
[    3.443539] VFS: Dquot-cache hash table entries: 512 (order 0, 4096 bytes)
[    3.449007] squashfs: version 4.0 (2009/01/31) Phillip Lougher
[    3.454923] fuse init (API version 7.23)
[    3.458701] Key type big_key registered
[    3.461954] Allocating IMA MOK and blacklist keyrings.
[    3.478766] Key type asymmetric registered
[    3.482093] Asymmetric key parser 'x509' registered
[    3.486141] Block layer SCSI generic (bsg) driver version 0.4 loaded (major 249)
[    3.492362] io scheduler noop registered
[    3.495578] io scheduler deadline registered (default)
[    3.499564] io scheduler cfq registered
[    3.502693] pci_hotplug: PCI Hot Plug PCI Core version: 0.5
[    3.507226] pciehp: PCI Express Hot Plug Controller Driver version: 0.4
[    3.512248] ACPI: AC Adapter [AC] (on-line)
[    3.515607] input: Power Button as /devices/LNXSYSTM:00/LNXPWRBN:00/input/input0
[    3.521105] ACPI: Power Button [PWRF]
[    3.524645] input: Sleep Button as /devices/LNXSYSTM:00/LNXSLPBN:00/input/input1
[    3.530178] ACPI: Sleep Button [SLPF]
[    3.533989] GHES: HEST is not enabled!
[    3.537442] Serial: 8250/16550 driver, 32 ports, IRQ sharing enabled
[    3.569198] 00:02: ttyS0 at I/O 0x3f8 (irq = 4, base_baud = 115200) is a 16550A
[    3.587516] Linux agpgart interface v0.103
[    3.606006] loop: module loaded
[    3.611922] scsi host0: ata_piix
[    3.616295] scsi host1: ata_piix
[    3.618926] ata1: PATA max UDMA/33 cmd 0x1f0 ctl 0x3f6 bmdma 0xd000 irq 14
[    3.623703] ata2: PATA max UDMA/33 cmd 0x170 ctl 0x376 bmdma 0xd008 irq 15
[    3.628572] libphy: Fixed MDIO Bus: probed
[    3.631723] tun: Universal TUN/TAP device driver, 1.6
[    3.635308] tun: (C) 1999-2004 Max Krasnyansky <maxk@qualcomm.com>
[    3.640032] PPP generic driver version 2.4.2
[    3.643443] ehci_hcd: USB 2.0 'Enhanced' Host Controller (EHCI) Driver
[    3.647972] ehci-pci: EHCI PCI platform driver
[    3.651370] ehci-platform: EHCI generic platform driver
[    3.654921] ohci_hcd: USB 1.1 'Open' Host Controller (OHCI) Driver
[    3.659280] ohci-pci: OHCI PCI platform driver
[    3.662340] ohci-platform: OHCI generic platform driver
[    3.666058] uhci_hcd: USB Universal Host Controller Interface driver
[    3.670530] i8042: PNP: PS/2 Controller [PNP0303:PS2K,PNP0f03:PS2M] at 0x60,0x64 irq 1,12
[    3.679089] serio: i8042 KBD port at 0x60,0x64 irq 1
[    3.682486] serio: i8042 AUX port at 0x60,0x64 irq 12
[    3.686934] mousedev: PS/2 mouse device common for all mice
[    3.693054] input: AT Translated Set 2 keyboard as /devices/platform/i8042/serio0/input/input2
[    3.696998] rtc_cmos rtc_cmos: rtc core: registered rtc_cmos as rtc0
[    3.697404] rtc_cmos rtc_cmos: alarms up to one day, 114 bytes nvram
[    3.697408] i2c /dev entries driver
[    3.697490] device-mapper: uevent: version 1.0.3
[    3.697837] device-mapper: ioctl: 4.34.0-ioctl (2015-10-28) initialised: dm-devel@redhat.com
[    3.697848] ledtrig-cpu: registered to indicate activity on CPUs
[    3.700854] NET: Registered protocol family 10
[    3.701601] NET: Registered protocol family 17
[    3.701607] Key type dns_resolver registered
[    3.703644] registered taskstats version 1
[    3.703650] Loading compiled-in X.509 certificates
[    3.703925] Loaded X.509 cert 'Build time autogenerated kernel key: cf00e047681d67edb2720680708b7d9498083038'
[    3.704007] zswap: loaded using pool lzo/zbud
[    3.709502] Key type trusted registered
[    3.719354] Key type encrypted registered
[    3.719358] AppArmor: AppArmor sha1 policy hashing enabled
[    3.719360] ima: No TPM chip found, activating TPM-bypass!
[    3.719362] ima: Allocated hash algorithm: sha1
[    3.719369] evm: HMAC attrs: 0x1
[    3.720659]   Magic number: 14:530:541
[    3.724216] rtc_cmos rtc_cmos: setting system clock to 2026-10-03 17:32:24 UTC (1791048744)
[    3.724965] BIOS EDD facility v0.16 2004-Jun-25, 0 devices found
[    3.724965] EDD information not available.
[    3.833266] Freeing unused kernel memory: 1492K
[    4.631791] Write protecting the kernel read-only data: 14336k
[    4.636986] Freeing unused kernel memory: 1584K
[    4.640842] Freeing unused kernel memory: 52K
Loading, please wait...
starting version 229
[    4.669994] random: systemd-udevd: uninitialized urandom read (16 bytes read, 9 bits of entropy available)
[    4.672201] random: udevadm: uninitialized urandom read (16 bytes read, 9 bits of entropy available)
[    4.672211] random: udevadm: uninitialized urandom read (16 bytes read, 9 bits of entropy available)
[    4.684324] random: udevadm: uninitialized urandom read (16 bytes read, 9 bits of entropy available)
[    4.684346] random: udevadm: uninitialized urandom read (16 bytes read, 9 bits of entropy available)
[    4.684563] random: udevadm: uninitialized urandom read (16 bytes read, 9 bits of entropy available)
[    4.684617] random: udevadm: uninitialized urandom read (16 bytes read, 9 bits of entropy available)
[    4.684645] random: udevadm: uninitialized urandom read (16 bytes read, 9 bits of entropy available)
[    4.684666] random: udevadm: uninitialized urandom read (16 bytes read, 9 bits of entropy available)
[    4.684772] random: udevadm: uninitialized urandom read (16 bytes read, 9 bits of entropy available)
[    4.781277] e1000: Intel(R) PRO/1000 Network Driver - version 7.3.21-k8-NAPI
[    4.786234] e1000: Copyright (c) 1999-2006 Intel Corporation.
[    4.791500] Fusion MPT base driver 3.04.20
[    4.796897] Copyright (c) 1999-2008 LSI Corporation
[    4.819616] Fusion MPT SPI Host driver 3.04.20
[    4.840813] AVX2 version of gcm_enc/dec engaged.
[    4.844274] AES CTR mode by8 optimization enabled
[    5.067123] input: ImExPS/2 Generic Explorer Mouse as /devices/platform/i8042/serio1/input/input4
[    5.366118] e1000 0000:00:03.0 eth0: (PCI:33MHz:32-bit) 02:be:82:6b:cc:1d
[    5.384694] e1000 0000:00:03.0 eth0: Intel(R) PRO/1000 Network Connection
[    5.392243] e1000 0000:00:03.0 enp0s3: renamed from eth0
[    5.392608] mptbase: ioc0: Initiating bringup
[    5.486416] ioc0: LSI53C1030 A0: Capabilities={Initiator}
[    5.695572] scsi host2: ioc0: LSI53C1030 A0, FwRev=00000000h, Ports=1, MaxQ=256, IRQ=20
[    5.847243] scsi 2:0:0:0: Direct-Access     VBOX     HARDDISK         1.0  PQ: 0 ANSI: 5
[    5.853074] scsi target2:0:0: Beginning Domain Validation
[    5.860670] scsi target2:0:0: Domain Validation skipping write tests
[    5.865224] scsi target2:0:0: Ending Domain Validation
[    5.869389] scsi target2:0:0: asynchronous
[    5.874199] scsi 2:0:1:0: Direct-Access     VBOX     HARDDISK         1.0  PQ: 0 ANSI: 5
[    5.879958] scsi target2:0:1: Beginning Domain Validation
[    5.889952] scsi target2:0:1: Domain Validation skipping write tests
[    5.894469] scsi target2:0:1: Ending Domain Validation
[    5.898258] scsi target2:0:1: asynchronous
[    5.927745] sd 2:0:0:0: Attached scsi generic sg0 type 0
[    5.931902] sd 2:0:0:0: [sda] 83886080 512-byte logical blocks: (42.9 GB/40.0 GiB)
[    5.932752] sd 2:0:1:0: Attached scsi generic sg1 type 0
[    5.932975] sd 2:0:1:0: [sdb] 20480 512-byte logical blocks: (10.5 MB/10.0 MiB)
[    5.933473] sd 2:0:1:0: [sdb] Write Protect is off
[    5.933847] sd 2:0:1:0: [sdb] Write cache: enabled, read cache: enabled, supports DPO and FUA
[    5.940901] sd 2:0:1:0: [sdb] Attached SCSI disk
[    5.960780] sd 2:0:0:0: [sda] Write Protect is off
[    5.964904] sd 2:0:0:0: [sda] Write cache: enabled, read cache: enabled, supports DPO and FUA
[    5.974970]  sda: sda1
[    5.979600] sd 2:0:0:0: [sda] Attached SCSI disk
Begin: Loading essential drivers ... [    7.286344] md: linear personality registered for level -1
[    7.294734] md: multipath personality registered for level -4
[    7.302330] md: raid0 personality registered for level 0
[    7.321280] md: raid1 personality registered for level 1
[   63.747089] raid6: sse2x1   gen() 8470624 MB/s
[   63.832611] raid6: sse2x1   xor() 16066 MB/s
[   63.915193] raid6: sse2x2   gen() 20060 MB/s
[   63.987137] raid6: sse2x2   xor() 17923 MB/s
[   64.059185] raid6: sse2x4   gen() 23014 MB/s
[   70.959137] INFO: rcu_sched detected stalls on CPUs/tasks:[   70.959840] raid6: sse2x4   xor() 1532707 MB/s

[   70.966872] 
[   70.969170] 	3-...: (35 ticks this GP) idle=df3/140000000000000/0 softirq=510/510 fqs=33 
[   70.975132] 	(detected by 2, t=15908 jiffies, g=-188, c=-189, q=116)
[   70.980377] Task dump for CPU 3:
[   70.983061] modprobe        R  running task        0   266    252 0x00000008
[   70.989292]  ffffffffc0120000 ffff8800da3b7d30 ffffffff8185a350 ffff8800da3b7ea8
[   70.997245]  0000000000000001 0000000000000001 ffff8800da3b7e98 ffffffff8111254c
[   71.004854]  ffffffffc0120000 ffffffff8110e9d0 ffff8800da3b7dd0 ffffffff81a1b030
[   71.012503] Call Trace:
[   71.014836]  [<ffffffff8185a350>] ? do_init_module+0x5f/0x1da
[   71.019244]  [<ffffffff8111254c>] ? load_module+0x171c/0x1c80
[   71.023649]  [<ffffffff8110e9d0>] ? __symbol_put+0x60/0x60
[   71.027852]  [<ffffffff81222b50>] ? kernel_read+0x50/0x80
[   71.031963]  [<ffffffff81112cf4>] ? SYSC_finit_module+0xb4/0xe0
[   71.036387]  [<ffffffff81112d3e>] ? SyS_finit_module+0xe/0x10
[   71.040732]  [<ffffffff8186bb5b>] ? entry_SYSCALL_64_fastpath+0x22/0xd0
[   80.133328] raid6: avx2x1   gen() 3189728 MB/s
[  204.703478] raid6: avx2x2   gen() 80560260 MB/s
[  204.775984] raid6: avx2x4   gen() 39777 MB/s
[  204.779114] raid6: using algorithm avx2x2 gen() 80560260 MB/s
[  204.783336] raid6: using avx2x2 recovery algorithm
[  204.794202] xor: automatically using best checksumming function:
[  204.835116]    avx       : 22679.000 MB/sec
[  204.840839] async_tx: api initialized (async)
[  204.891756] md: raid6 personality registered for level 6
[  204.895628] md: raid5 personality registered for level 5
[  204.899581] md: raid4 personality registered for level 4
[  204.927330] md: raid10 personality registered for level 10
done.
Begin: Running /scripts/init-premount ... done.
Begin: Mounting root file system ... Begin: Running /scripts/local-top ... done.
Begin: Running /scripts/local-premount ... [  205.014051] Btrfs loaded
Scanning for Btrfs filesystems
done.
Warning: fsck not present, so skipping root file system
[  205.062371] EXT4-fs (sda1): mounted filesystem with ordered data mode. Opts: (null)
done.
Begin: Running /scripts/local-bottom ... done.
Begin: Running /scripts/init-bottom ... done.
[  205.212398] systemd[1]: systemd 229 running in system mode. (+PAM +AUDIT +SELINUX +IMA +APPARMOR +SMACK +SYSVINIT +UTMP +LIBCRYPTSETUP +GCRYPT +GNUTLS +ACL +XZ -LZ4 +SECCOMP +BLKID +ELFUTILS +KMOD -IDN)
[  205.225375] systemd[1]: Detected virtualization oracle.
[  205.230069] systemd[1]: Detected architecture x86-64.

Welcome to [1mUbuntu 16.04.7 LTS[0m!

[  205.241390] systemd[1]: Set hostname to <ubuntu>.
[  205.251879] systemd[1]: Initializing machine ID from random generator.
[  205.256633] systemd[1]: Installed transient /etc/machine-id file.
[  205.329582] random: nonblocking pool is initialized
[  205.407549] systemd[1]: Created slice System Slice.
[[0;32m  OK  [0m] Created slice System Slice.
[  205.417413] systemd[1]: Listening on Journal Socket.
[[0;32m  OK  [0m] Listening on Journal Socket.
[  205.425339] systemd[1]: Listening on Device-mapper event daemon FIFOs.
[[0;32m  OK  [0m] Listening on Device-mapper event daemon FIFOs.
[  205.455742] systemd[1]: Starting Create list of required static device nodes for the current kernel...
         Starting Create list of required st... nodes for the current kernel...
[  205.468780] systemd[1]: Starting Uncomplicated firewall...
         Starting Uncomplicated firewall...
[  205.477276] systemd[1]: Listening on udev Control Socket.
[[0;32m  OK  [0m] Listening on udev Control Socket.
[  205.488346] systemd[1]: Started Forward Password Requests to Wall Directory Watch.
[[0;32m  OK  [0m] Started Forward Password Requests to Wall Directory Watch.
[  205.498961] systemd[1]: Listening on fsck to fsckd communication Socket.
[[0;32m  OK  [0m] Listening on fsck to fsckd communication Socket.
[  205.527592] systemd[1]: Starting Nameserver information manager...
         Starting Nameserver information manager...
[  205.536301] systemd[1]: Mounting Huge Pages File System...
         Mounting Huge Pages File System...
[  205.544567] systemd[1]: Mounting Debug File System...
         Mounting Debug File System...
[  205.554210] systemd[1]: Starting Load Kernel Modules...
         Starting Load Kernel Modules...
[  205.564119] systemd[1]: Started Trigger resolvconf update for networkd DNS.
[[0;32m  OK  [0m] Started Trigger resolvconf update for networkd DNS.
[  205.575899] systemd[1]: Starting File System Check on Root Device...
[  205.581897] Loading iSCSI transport class v2.0-870.
         Starting File System Check on Root Device...
[  205.588744] systemd[1]: Mounting POSIX Message Queue File System...
         Mounting POSIX Message Queue File System...
[  205.601544] systemd[1]: Listening on Syslog Socket.
[  205.605626] iscsi: registered transport (tcp)
[[0;32m  OK  [0m] Listening on Syslog Socket.
[  205.613692] systemd[1]: Reached target System Time Synchronized.
[[0;32m  OK  [0m] Reached target System Time Synchronized.
[  205.624698] systemd[1]: Created slice User and Session Slice.
[[0;32m  OK  [0m] Created slice User and Session Slice.
[  205.635375] systemd[1]: Reached target Slices.
[[0;32m  OK  [0m] Reached target Slices.
[  205.645463] systemd[1]: Created slice system-serial\x2dgetty.slice.
[[0;32m  OK  [0m] Created slice system-serial\x2dgetty.slice.
[  205.656752] systemd[1]: Reached target Swap.
[[0;32m  OK  [0m] Reached target Swap.
[  205.666674] systemd[1]: Listening on LVM2 metadata daemon socket.
[[0;32m  OK  [0m] Listening on LVM2 metadata daemon socket.
[  205.695423] systemd[1]: Starting Monitoring of LVM2 mirrors, snapshots etc. using dmeventd or progress polling...
         Starting Monitoring of LVM2 mirrors... dmeventd or progress polling...
[  205.708538] systemd[1]: Starting Set console keymap...
         Starting Set console keymap...
[  205.715218] systemd[1]: Set up automount Arbitrary Executable File Formats File System Automount Point.
[[0;32m  OK  [0m] Set up automount Arbitrary Executab...ats File System Automount Point.
[  205.725725] iscsi: registered transport (iser)
[  205.725969] systemd[1]: Listening on LVM2 poll daemon socket.
[[0;32m  OK  [0m] Listening on LVM2 poll daemon socket.
[  205.737857] systemd[1]: Reached target User and Group Name Lookups.
[[0;32m  OK  [0m] Reached target User and Group Name Lookups.
[  205.747282] systemd[1]: Listening on Journal Socket (/dev/log).
[[0;32m  OK  [0m] Listening on Journal Socket (/dev/log).
[  205.757184] systemd[1]: Reached target Encrypted Volumes.
[[0;32m  OK  [0m] Reached target Encrypted Volumes.
[  205.765358] systemd[1]: Listening on /dev/initctl Compatibility Named Pipe.
[[0;32m  OK  [0m] Listening on /dev/initctl Compatibility Named Pipe.
[  205.776466] systemd[1]: Listening on Journal Audit Socket.
[[0;32m  OK  [0m] Listening on Journal Audit Socket.
[  205.800226] systemd[1]: Starting Journal Service...
         Starting Journal Service...
[  205.808530] systemd[1]: Listening on udev Kernel Socket.
[[0;32m  OK  [0m] Listening on udev Kernel Socket.
[  205.821679] systemd[1]: Mounted Huge Pages File System.
[[0;32m  OK  [0m] Mounted Huge Pages File System.
[  205.830224] systemd[1]: Mounted POSIX Message Queue File System.
[[0;32m  OK  [0m] Mounted POSIX Message Queue File System.
[  205.839465] systemd[1]: Mounted Debug File System.
[[0;32m  OK  [0m] Mounted Debug File System.
[  205.848414] systemd[1]: Started Journal Service.
[[0;32m  OK  [0m] Started Journal Service.
[[0;32m  OK  [0m] Started Create list of required sta...ce nodes for the current kernel.
[[0;32m  OK  [0m] Started Uncomplicated firewall.
[[0;32m  OK  [0m] Started Load Kernel Modules.
[[0;32m  OK  [0m] Started File System Check on Root Device.
[[0;32m  OK  [0m] Started Set console keymap.
[[0;32m  OK  [0m] Started Nameserver information manager.
[[0;32m  OK  [0m] Started File System Check Daemon to report status.
[[0;32m  OK  [0m] Started LVM2 metadata daemon.
         Starting Remount Root and Kernel File Systems...[  205.925911] EXT4-fs (sda1): re-mounted. Opts: (null)

         Mounting FUSE Control File System...
         Starting Apply Kernel Variables...
         Starting Create Static Device Nodes in /dev...
[[0;32m  OK  [0m] Mounted FUSE Control File System.
[[0;32m  OK  [0m] Started Remount Root and Kernel File Systems.
[[0;32m  OK  [0m] Started Apply Kernel Variables.
[[0;32m  OK  [0m] Started Create Static Device Nodes in /dev.
         Starting udev Kernel Device Manager...
         Starting udev Coldplug all Devices...
         Starting Flush Journal to Persistent Storage...
         Starting Load/Save Random Seed...
[[0;32m  OK  [0m] Started Load/Save Random Seed.
[[0;32m  OK  [0m] Started Flush Journal to Persistent Storage.
[[0;32m  OK  [0m] Started udev Coldplug all Devices.
[[0;32m  OK  [0m] Started udev Kernel Device Manager.
[[0;32m  OK  [0m] Started Dispatch Password Requests to Console Directory Watch.
[[0;32m  OK  [0m] Found device /dev/ttyS0.
[[0;32m  OK  [0m] Started Monitoring of LVM2 mirrors,...ng dmeventd or progress polling.
[[0;32m  OK  [0m] Reached target Local File Systems (Pre).
[[0;32m  OK  [0m] Reached target Local File Systems.
         Starting Create Volatile Files and Directories...
         Starting LSB: AppArmor initialization...
         Starting Initial cloud-init job (pre-networking)...
         Starting Tell Plymouth To Write Out Runtime Data...
         Starting Set console font and keymap...
         Starting Commit a transient machine-id on disk...
[[0;32m  OK  [0m] Started Create Volatile Files and Directories.
[[0;32m  OK  [0m] Started Tell Plymouth To Write Out Runtime Data.
[[0;32m  OK  [0m] Started Commit a transient machine-id on disk.
[[0;32m  OK  [0m] Listening on Load/Save RF Kill Switch Status /dev/rfkill Watch.
         Starting Update UTMP about System Boot/Shutdown...
[[0;32m  OK  [0m] Started Update UTMP about System Boot/Shutdown.
[[0;32m  OK  [0m] Started Set console font and keymap.
[[0;32m  OK  [0m] Created slice system-getty.slice.
[[0;32m  OK  [0m] Started LSB: AppArmor initialization.
         Starting Load AppArmor profiles managed internally by snapd...
[[0;32m  OK  [0m] Started Load AppArmor profiles managed internally by snapd.
[  205.321442] cloud-init[539]: Cloud-init v. 21.1-19-gbad84ad4-0ubuntu1~16.04.2 running 'init-local' at Sat, 03 Oct 2026 17:35:47 +0000. Up 205.02 seconds.
[[0;32m  OK  [0m] Started Initial cloud-init job (pre-networking).
[[0;32m  OK  [0m] Reached target Network (Pre).
         Starting Raise network interfaces...
[[0;32m  OK  [0m] Started Raise network interfaces.
[[0;32m  OK  [0m] Reached target Network.
         Starting Initial cloud-init job (metadata service crawler)...
[  206.086617] cloud-init[969]: Cloud-init v. 21.1-19-gbad84ad4-0ubuntu1~16.04.2 running 'init' at Sat, 03 Oct 2026 17:35:48 +0000. Up 205.74 seconds.
[  206.091704] cloud-init[969]: ci-info: ++++++++++++++++++++++++++++++++++++++Net device info++++++++++++++++++++++++++++++++++++++
[  206.096171] cloud-init[969]: ci-info: +--------+------+----------------------------+---------------+--------+-------------------+
[  206.100918] cloud-init[969]: ci-info: | Device |  Up  |          Address           |      Mask     | Scope  |     Hw-Address    |
[  206.105422] cloud-init[969]: ci-info: +--------+------+----------------------------+---------------+--------+-------------------+
[  206.106367] cloud-init[969]: ci-info: | enp0s3 | True |         10.0.2.15          | 255.255.255.0 | global | 02:be:82:6b:cc:1d |
[  206.106733] cloud-init[969]: ci-info: | enp0s3 | True | fe80::be:82ff:fe6b:cc1d/64 |       .       |  link  | 02:be:82:6b:cc:1d |
[  206.107104] cloud-init[969]: ci-info: |   lo   | True |         127.0.0.1          |   255.0.0.0   |  host  |         .         |
[  206.107417] cloud-init[969]: ci-info: |   lo   | True |          ::1/128           |       .       |  host  |         .         |
[  206.107765] cloud-init[969]: ci-info: +--------+------+----------------------------+---------------+--------+-------------------+
[  206.108460] cloud-init[969]: ci-info: +++++++++++++++++++++++++++Route IPv4 info++++++++++++++++++++++++++++
[  206.108795] cloud-init[969]: ci-info: +-------+-------------+----------+---------------+-----------+-------+
[  206.109123] cloud-init[969]: ci-info: | Route | Destination | Gateway  |    Genmask    | Interface | Flags |
[  206.109453] cloud-init[969]: ci-info: +-------+-------------+----------+---------------+-----------+-------+
[  206.109779] cloud-init[969]: ci-info: |   0   |   0.0.0.0   | 10.0.2.2 |    0.0.0.0    |   enp0s3  |   UG  |
[  206.110131] cloud-init[969]: ci-info: |   1   |   10.0.2.0  | 0.0.0.0  | 255.255.255.0 |   enp0s3  |   U   |
[  206.110456] cloud-init[969]: ci-info: +-------+-------------+----------+---------------+-----------+-------+
[  206.110780] cloud-init[969]: ci-info: +++++++++++++++++++Route IPv6 info+++++++++++++++++++
[  206.111107] cloud-init[969]: ci-info: +-------+-------------+---------+-----------+-------+
[  206.111430] cloud-init[969]: ci-info: | Route | Destination | Gateway | Interface | Flags |
[  206.111757] cloud-init[969]: ci-info: +-------+-------------+---------+-----------+-------+
[  206.112560] cloud-init[969]: ci-info: |   0   |  fe80::/64  |    ::   |   enp0s3  |   U   |
[  206.112898] cloud-init[969]: ci-info: |   3   |   ff00::/8  |    ::   |   enp0s3  |   U   |
[  206.113223] cloud-init[969]: ci-info: +-------+-------------+---------+-----------+-------+
[  206.113557] cloud-init[969]: Generating public/private rsa key pair.
[  206.113900] cloud-init[969]: Your identification has been saved in /etc/ssh/ssh_host_rsa_key.
[  206.114207] cloud-init[969]: Your public key has been saved in /etc/ssh/ssh_host_rsa_key.pub.
[  206.114547] cloud-init[969]: The key fingerprint is:
[  206.114875] cloud-init[969]: SHA256:YpVbO4EeFUwhLxooQUnDhd9zpHDekMud6RdyKTTIdqU root@ubuntu-xenial
[  206.115205] cloud-init[969]: The key's randomart image is:
[  206.115534] cloud-init[969]: +---[RSA 2048]----+
[  206.115872] cloud-init[969]: | +=+.. o.+*o     |
[  206.116557] cloud-init[969]: |  +o..B =B.      |
[  206.116879] cloud-init[969]: |  ...B.XE++.     |
[  206.117205] cloud-init[969]: |   .. B=O=+o     |
[  206.117533] cloud-init[969]: |      ++S+o.     |
[  206.117860] cloud-init[969]: |     . .. ..     |
[  206.118195] cloud-init[969]: |         .       |
[  206.118528] cloud-init[969]: |                 |
[  206.118858] cloud-init[969]: |                 |
[  206.119185] cloud-init[969]: +----[SHA256]-----+
[  206.119513] cloud-init[969]: Generating public/private dsa key pair.
[  206.119843] cloud-init[969]: Your identification has been saved in /etc/ssh/ssh_host_dsa_key.
[  206.120554] cloud-init[969]: Your public key has been saved in /etc/ssh/ssh_host_dsa_key.pub.
[  206.120878] cloud-init[969]: The key fingerprint is:
[  206.121204] cloud-init[969]: SHA256:xRaRQeXLd3q8ThyjhFfWTBe1zdkK2X+Y3kUrqMPBx2I root@ubuntu-xenial
[  206.121534] cloud-init[969]: The key's randomart image is:
[  206.121859] cloud-init[969]: +---[DSA 1024]----+
[  206.122188] cloud-init[969]: |         .==.  .*|
[  206.122514] cloud-init[969]: |         ..o o +B|
[  206.122884] cloud-init[969]: |          + + .=B|
[  206.123193] cloud-init[969]: |        .o..ooo*.|
[  206.123522] cloud-init[969]: |        SE =o+=+=|
[  206.123859] cloud-init[969]: |        o = oo+==|
[  206.124564] cloud-init[969]: |         +   .oo+|
[  206.124894] cloud-init[969]: |          .   ...|
[  206.125220] cloud-init[969]: |              .o |
[  206.125547] cloud-init[969]: +----[SHA256]-----+
[  206.125877] cloud-init[969]: Generating public/private ecdsa key pair.
[  206.126208] cloud-init[969]: Your identification has been saved in /etc/ssh/ssh_host_ecdsa_key.
[  206.126535] cloud-init[969]: Your public key has been saved in /etc/ssh/ssh_host_ecdsa_key.pub.
[  206.126866] cloud-init[969]: The key fingerprint is:
[  206.127192] cloud-init[969]: SHA256:fhbaFH5qfGMYDJVtEVDl2n6vcncp9vBeC5ZSYAMP+Bw root@ubuntu-xenial
[  206.127520] cloud-init[969]: The key's randomart image is:
[  206.127849] cloud-init[969]: +---[ECDSA 256]---+
[  206.128538] cloud-init[969]: |        .oo=++.  |
[  206.128860] cloud-init[969]: |       . E= o.   |
[  206.129200] cloud-init[969]: |        + o*  .  |
[  206.129514] cloud-init[969]: |         *..oo   |
[  206.129841] cloud-init[969]: |        S * o..  |
[  206.210644] cloud-init[969]: |       . = *...  |
[  206.210963] cloud-init[969]: |        o O.+=. +|
[  206.211296] cloud-init[969]: |         + o++=o*|
[  206.211617] cloud-init[969]: |            .o=Bo|
[  206.211944] cloud-init[969]: +----[SHA256]-----+
[  206.212708] cloud-init[969]: Generating public/private ed25519 key pair.
[  206.213070] cloud-init[969]: Your identification has been saved in /etc/ssh/ssh_host_ed25519_key.
[  206.213375] cloud-init[969]: Your public key has been saved in /etc/ssh/ssh_host_ed25519_key.pub.
[  206.213700] cloud-init[969]: The key fingerprint is:
[  206.214037] cloud-init[969]: SHA256:Z/nBCuK1tnyeWv5Yc6JQSglV1BjF7f3TBR0m2Nk626Q root@ubuntu-xenial
[  206.214353] cloud-init[969]: The key's randomart image is:
[  206.214680] cloud-init[969]: +--[ED25519 256]--+
[  206.215013] cloud-init[969]: |        .o+*+oo+.|
[  206.215338] cloud-init[969]: |       .  ..oo=..|
[  206.215678] cloud-init[969]: |      .      ..o |
[  206.216127] cloud-init[969]: |       . . o o..o|
[  206.216385] cloud-init[969]: |      . S = o * +|
[  206.216711] cloud-init[969]: |     . + B o E oo|
[  206.217040] cloud-init[969]: |      . = o = . .|
[  206.217364] cloud-init[969]: |       o =.= +   |
[  206.217771] cloud-init[969]: |        ++*..    |
[  206.218042] cloud-init[969]: +----[SHA256]-----+
[[0;32m  OK  [0m] Started Initial cloud-init job (metadata service crawler).
[[0;32m  OK  [0m] Reached target Cloud-config availability.
[[0;32m  OK  [0m] Reached target Network is Online.
         Starting iSCSI initiator daemon (iscsid)...
[[0;32m  OK  [0m] Reached target System Initialization.
[[0;32m  OK  [0m] Started Message of the Day.
         Starting LXD - unix socket.
[[0;32m  OK  [0m] Listening on UUID daemon activation socket.
[[0;32m  OK  [0m] Listening on ACPID Listen Socket.
[[0;32m  OK  [0m] Started ACPI Events Check.
[[0;32m  OK  [0m] Reached target Paths.
         Starting Socket activation for snappy daemon.
[[0;32m  OK  [0m] Started Daily apt download activities.
[[0;32m  OK  [0m] Started Daily apt upgrade and clean activities.
[[0;32m  OK  [0m] Started Daily Cleanup of Temporary Directories.
[[0;32m  OK  [0m] Started Ubuntu Advantage update messaging.
[[0;32m  OK  [0m] Reached target Timers.
[[0;32m  OK  [0m] Listening on D-Bus System Message Bus Socket.
[[0;32m  OK  [0m] Listening on LXD - unix socket.
[[0;32m  OK  [0m] Listening on Socket activation for snappy daemon.
[[0;32m  OK  [0m] Started iSCSI initiator daemon (iscsid).
         Starting Login to default iSCSI targets...
[[0;32m  OK  [0m] Reached target Sockets.
[[0;32m  OK  [0m] Reached target Basic System.
[[0;32m  OK  [0m] Started ACPI event daemon.
         Starting Pollinate to seed the pseudo random number generator...
         Starting /etc/rc.local Compatibility...
[[0;32m  OK  [0m] Started D-Bus System Message Bus.
[[0;32m  OK  [0m] Started Regular background program processing daemon.
         Starting System Logging Service...
[[0;32m  OK  [0m] Started Deferred execution scheduler.
         Starting Login Service...
         Starting LSB: Record successful boot for GRUB...
         Starting Accounts Service...
         Starting Virtualbox guest utils...
         Starting Snap Daemon...
         Starting LSB: MD monitoring daemon...
[[0;32m  OK  [0m] Started FUSE filesystem for LXC.
         Starting LXD - container startup/shutdown...
[[0;32m  OK  [0m] Started System Logging Service.
[[0;32m  OK  [0m] Started /etc/rc.local Compatibility.
[[0;32m  OK  [0m] Started Login Service.
[[0;32m  OK  [0m] Started Unattended Upgrades Shutdown.
         Starting Authenticate and Authorize Users to Run Privileged Tasks...
[[0;32m  OK  [0m] Started LSB: Record successful boot for GRUB.
[[0;32m  OK  [0m] Started LSB: MD monitoring daemon.
[[0;32m  OK  [0m] Started Login to default iSCSI targets.
[[0;32m  OK  [0m] Reached target Remote File Systems (Pre).
[[0;32m  OK  [0m] Reached target Remote File Systems.
         Starting Permit User Sessions...
         Starting LSB: automatic crash report generation...
         Starting LSB: daemon to balance interrupts for SMP systems...
         Starting LSB: Set the CPU Frequency Scaling governor to "ondemand"...
[[0;32m  OK  [0m] Started Virtualbox guest utils.
[[0;32m  OK  [0m] Started LXD - container startup/shutdown.
[[0;32m  OK  [0m] Started Permit User Sessions.
[[0;32m  OK  [0m] Started Authenticate and Authorize Users to Run Privileged Tasks.
[[0;32m  OK  [0m] Started Accounts Service.
         Starting Hold until boot process finishes up...
         Starting Terminate Plymouth Boot Screen...
[[0;32m  OK  [0m] Started Pollinate to seed the pseudo random number generator.
[[0;32m  OK  [0m] Started LSB: automatic crash report generation.
[[0;32m  OK  [0m] Started LSB: daemon to balance interrupts for SMP systems.
[[0;32m  OK  [0m] Started LSB: Set the CPU Frequency Scaling governor to "ondemand".
[[0;32m  OK  [0m] Started Hold until boot process finishes up.
[[0;32m  OK  [0m] Started Terminate Plymouth Boot Screen.
[[0;32m  OK  [0m] Started Serial Getty on ttyS0.
[[0;32m  OK  [0m] Started Getty on tty1.
[[0;32m  OK  [0m] Reached target Login Prompts.
         Starting Set console scheme...
         Starting OpenBSD Secure Shell server...
[[0;32m  OK  [0m] Started Set console scheme.
[[0;32m  OK  [0m] Started OpenBSD Secure Shell server.
[[0;32m  OK  [0m] Started Snap Daemon.
         Starting Wait until snapd is fully seeded...
[[0;32m  OK  [0m] Started Wait until snapd is fully seeded.
         Starting Apply the settings specified in cloud-config...
[[0;32m  OK  [0m] Reached target Multi-User System.
[[0;32m  OK  [0m] Reached target Graphical Interface.
         Starting Update UTMP about System Runlevel Changes...
[[0;32m  OK  [0m] Started Update UTMP about System Runlevel Changes.
[  208.291249] cloud-init[1303]: Generating locales (this might take a while)...
[  209.083998] cloud-init[1303]:   en_US.UTF-8... done
[  209.086841] cloud-init[1303]: Generation complete.
[  209.287483] cloud-init[1303]: Cloud-init v. 21.1-19-gbad84ad4-0ubuntu1~16.04.2 running 'modules:config' at Sat, 03 Oct 2026 17:35:50 +0000. Up 208.22 seconds.
[[0;32m  OK  [0m] Started Apply the settings specified in cloud-config.
         Starting Execute cloud user/final scripts...
ci-info: no authorized SSH keys fingerprints found for user ubuntu.
<14>Oct  3 17:35:52 ec2: 
<14>Oct  3 17:35:52 ec2: #############################################################
<14>Oct  3 17:35:52 ec2: -----BEGIN SSH HOST KEY FINGERPRINTS-----
<14>Oct  3 17:35:52 ec2: 1024 SHA256:xRaRQeXLd3q8ThyjhFfWTBe1zdkK2X+Y3kUrqMPBx2I root@ubuntu-xenial (DSA)
<14>Oct  3 17:35:52 ec2: 256 SHA256:fhbaFH5qfGMYDJVtEVDl2n6vcncp9vBeC5ZSYAMP+Bw root@ubuntu-xenial (ECDSA)
<14>Oct  3 17:35:52 ec2: 256 SHA256:Z/nBCuK1tnyeWv5Yc6JQSglV1BjF7f3TBR0m2Nk626Q root@ubuntu-xenial (ED25519)
<14>Oct  3 17:35:52 ec2: 2048 SHA256:YpVbO4EeFUwhLxooQUnDhd9zpHDekMud6RdyKTTIdqU root@ubuntu-xenial (RSA)
<14>Oct  3 17:35:52 ec2: -----END SSH HOST KEY FINGERPRINTS-----
<14>Oct  3 17:35:52 ec2: #############################################################
-----BEGIN SSH HOST KEY KEYS-----
ecdsa-sha2-nistp256 AAAAE2VjZHNhLXNoYTItbmlzdHAyNTYAAAAIbmlzdHAyNTYAAABBBImTNzx/XmnaW/fSbrn8pVXtSLd/nHmDeuBxZlMveslOK8HLYit0tzN7+oJfnhivZDEJZdW1HUIUAMb0/v/iYb0= root@ubuntu-xenial
ssh-ed25519 AAAAC3NzaC1lZDI1NTE5AAAAIPQhRnm7uHrM544aHcZ0v9jGoaB56FF4cLUAZy4TabJm root@ubuntu-xenial
ssh-rsa AAAAB3NzaC1yc2EAAAADAQABAAABAQClQG6RrpCKkWok93IXS1x8qU62D/yTvwoaaQJrT+EF9nSw/DKzNQYY1RK40AmPhv61IRmWEgd/kWXqaae1pXMpxZigW2BoedhyNuP8Jsa70tqmQqxxJK1gdVN3RmuyFCplxOUFOceXckXb2SYMm3xut5Ifc4NOLmwiaOamQ0pYWsg0vBonHtXPEdSmzC7TmdGhgLv4/0J7J6Mcg9ZITsF8SpE0wOBotIgPT5GPWufBscTpoq/uDBdMY0R/1ZCG/Y/pIXLwWvdK88wp3lbemK5vANBZT8jWkYOvXjql8G4BA+5+XNL+JwZIdPFSMBGKALZjeNY0m5Fjw8/KgUy4lzld root@ubuntu-xenial
-----END SSH HOST KEY KEYS-----
[  209.569787] cloud-init[1348]: Cloud-init v. 21.1-19-gbad84ad4-0ubuntu1~16.04.2 running 'modules:final' at Sat, 03 Oct 2026 17:35:52 +0000. Up 209.45 seconds.
[  209.575118] cloud-init[1348]: ci-info: no authorized SSH keys fingerprints found for user ubuntu.
[  209.578835] cloud-init[1348]: Cloud-init v. 21.1-19-gbad84ad4-0ubuntu1~16.04.2 finished at Sat, 03 Oct 2026 17:35:52 +0000. Datasource DataSourceNoCloud [seed=/dev/sdb][dsmode=net].  Up 209.56 seconds
[[0;32m  OK  [0m] Started Execute cloud user/final scripts.
[[0;32m  OK  [0m] Reached target Cloud-init target.

Ubuntu 16.04.7 LTS ubuntu-xenial ttyS0

ubuntu-xenial login: 